TAP version 13
# {
#   engine: 'chromium',
#   label: 'optimized',
#   median: {
#     elapsedMs: 332.19999998807907,
#     handlerTotalMs: 100.79999995231628,
#     handlerP95Ms: 2,
#     mainReads: 19,
#     composerReads: 19,
#     createdElements: 14400,
#     buttonQueries: 0,
#     scrolls: 19,
#     elements: 2812
#   }
# }
# Subtest: chromium: rendering benchmark and output semantics
ok 1 - chromium: rendering benchmark and output semantics
  ---
  duration_ms: 4553.7703
  type: 'test'
  ...
# {
#   engine: 'webkit',
#   label: 'optimized',
#   median: {
#     elapsedMs: 2234,
#     handlerTotalMs: 112.00000000000148,
#     handlerP95Ms: 2.0000000000001137,
#     mainReads: 14,
#     composerReads: 14,
#     createdElements: 14400,
#     buttonQueries: 0,
#     scrolls: 78,
#     elements: 2812
#   }
# }
# Subtest: webkit: rendering benchmark and output semantics
ok 2 - webkit: rendering benchmark and output semantics
  ---
  duration_ms: 11153.254
  type: 'test'
  ...
1..2
# tests 2
# suites 0
# pass 2
# fail 0
# cancelled 0
# skipped 0
# todo 0
# duration_ms 16052.5745

