TAP version 13
# {
#   engine: 'chromium',
#   passed: true,
#   actualIPhone: false,
#   elapsedMs: 7282,
#   metrics: { outstanding: 0, peak: 1, batches: 23, layoutReads: 15, fits: true },
#   errors: []
# }
# Subtest: chromium: bounded output, timed choices/defaults, stale messages and WAIT
ok 1 - chromium: bounded output, timed choices/defaults, stale messages and WAIT
  ---
  duration_ms: 8097.0902
  type: 'test'
  ...
# {
#   engine: 'webkit',
#   passed: true,
#   actualIPhone: false,
#   elapsedMs: 5547,
#   metrics: { outstanding: 0, peak: 1, batches: 23, layoutReads: 25, fits: true },
#   errors: []
# }
# Subtest: webkit: bounded output, timed choices/defaults, stale messages and WAIT
ok 2 - webkit: bounded output, timed choices/defaults, stale messages and WAIT
  ---
  duration_ms: 5860.7132
  type: 'test'
  ...
1..2
# tests 2
# suites 0
# pass 2
# fail 0
# cancelled 0
# skipped 0
# todo 0
# duration_ms 14306.811

