TAP version 13
# {
#   passed: true,
#   engine: 'chromium',
#   actualIPhone: false,
#   originalUnchanged: true,
#   days: [
#      1, 1,  2,  2,  3,  3,  4,  4,
#      5, 5,  6,  6,  7,  7,  8,  8,
#      9, 9, 10, 10, 11, 11, 12, 12,
#     13
#   ],
#   finalDayAfterReload: 14,
#   autosaveWrites: 48,
#   lastSave: 'save94.sav',
#   refusal: [ '2', 'timeout-default-100' ],
#   elapsedMs: 17498,
#   pageErrors: []
# }
# Subtest: chromium: real game day rollover, rotating autosaves and reload
ok 1 - chromium: real game day rollover, rotating autosaves and reload
  ---
  duration_ms: 18464.9098
  type: 'test'
  ...
# {
#   passed: true,
#   engine: 'webkit',
#   actualIPhone: false,
#   originalUnchanged: true,
#   days: [
#      1, 1,  2,  2,  3,  3,  4,  4,
#      5, 5,  6,  6,  7,  7,  8,  8,
#      9, 9, 10, 10, 11, 11, 12, 12,
#     13
#   ],
#   finalDayAfterReload: 14,
#   autosaveWrites: 48,
#   lastSave: 'save94.sav',
#   refusal: [ '2', 'timeout-default-100' ],
#   elapsedMs: 31028,
#   pageErrors: []
# }
# Subtest: webkit: real game day rollover, rotating autosaves and reload
ok 2 - webkit: real game day rollover, rotating autosaves and reload
  ---
  duration_ms: 31808.8083
  type: 'test'
  ...
1..2
# tests 2
# suites 0
# pass 2
# fail 0
# cancelled 0
# skipped 0
# todo 0
# duration_ms 50681.8796

