TAP version 13
# Subtest: deferred arrays materialize once, allow replacement, and preserve Array size errors
ok 1 - deferred arrays materialize once, allow replacement, and preserve Array size errors
  ---
  duration_ms: 1.7647
  type: 'test'
  ...
# Subtest: both value overlays fail closed and accept CRLF/LF
ok 2 - both value overlays fail closed and accept CRLF/LF
  ---
  duration_ms: 6.6763
  type: 'test'
  ...
# Subtest: actual cell methods, function persistence/recursion, scoped access and reset match eager engine
ok 3 - actual cell methods, function persistence/recursion, scoped access and reset match eager engine
  ---
  duration_ms: 77.8424
  type: 'test'
  ...
1..3
# tests 3
# suites 0
# pass 3
# fail 0
# cancelled 0
# skipped 0
# todo 0
# duration_ms 241.3617

