TAP version 13
# {
#   engine: 'chromium',
#   label: 'optimized',
#   median: {
#     elapsedMs: 299,
#     handlerTotalMs: 93.99999994039536,
#     handlerP95Ms: 1.800000011920929,
#     mainReads: 15,
#     composerReads: 15,
#     createdElements: 14400,
#     buttonQueries: 0,
#     scrolls: 15,
#     elements: 2812
#   }
# }
# Subtest: chromium: rendering benchmark and output semantics
ok 1 - chromium: rendering benchmark and output semantics
  ---
  duration_ms: 4710.0115
  type: 'test'
  ...
# {
#   engine: 'webkit',
#   label: 'optimized',
#   median: {
#     elapsedMs: 2240,
#     handlerTotalMs: 120.99999999999932,
#     handlerP95Ms: 2.0000000000002274,
#     mainReads: 15,
#     composerReads: 15,
#     createdElements: 14400,
#     buttonQueries: 0,
#     scrolls: 79,
#     elements: 2812
#   }
# }
# Subtest: webkit: rendering benchmark and output semantics
ok 2 - webkit: rendering benchmark and output semantics
  ---
  duration_ms: 11482.7776
  type: 'test'
  ...
1..2
# tests 2
# suites 0
# pass 2
# fail 0
# cancelled 0
# skipped 0
# todo 0
# duration_ms 16577.9692

