TAP version 13
# {
#   engine: 'chromium',
#   passed: true,
#   actualIPhone: false,
#   elapsedMs: 8056,
#   metrics: { outstanding: 0, peak: 1, batches: 23, layoutReads: 14, fits: true },
#   errors: []
# }
# Subtest: chromium: bounded output, timed choices/defaults, stale messages and WAIT
ok 1 - chromium: bounded output, timed choices/defaults, stale messages and WAIT
  ---
  duration_ms: 8905.3632
  type: 'test'
  ...
# {
#   engine: 'webkit',
#   passed: true,
#   actualIPhone: false,
#   elapsedMs: 5578,
#   metrics: { outstanding: 0, peak: 1, batches: 23, layoutReads: 26, fits: true },
#   errors: []
# }
# Subtest: webkit: bounded output, timed choices/defaults, stale messages and WAIT
ok 2 - webkit: bounded output, timed choices/defaults, stale messages and WAIT
  ---
  duration_ms: 5908.059
  type: 'test'
  ...
1..2
# tests 2
# suites 0
# pass 2
# fail 0
# cancelled 0
# skipped 0
# todo 0
# duration_ms 15194.3907

