TAP version 13
# Subtest: zero prefixes preserve every integer, dense/empty arrays and extended leaf length
ok 1 - zero prefixes preserve every integer, dense/empty arrays and extended leaf length
  ---
  duration_ms: 106.6842
  type: 'test'
  ...
# Subtest: pinned overlay fails closed on upstream change; CRLF/LF equivalent
ok 2 - pinned overlay fails closed on upstream change; CRLF/LF equivalent
  ---
  duration_ms: 7.3808
  type: 'test'
  ...
# Subtest: legacy writer -> legacy + compact loaders and unchanged backup codec
ok 3 - legacy writer -> legacy + compact loaders and unchanged backup codec
  ---
  duration_ms: 1365.9483
  type: 'test'
  ...
# Subtest: compact writer -> legacy + compact loaders and unchanged backup codec
ok 4 - compact writer -> legacy + compact loaders and unchanged backup codec
  ---
  duration_ms: 88.3031
  type: 'test'
  ...
# Subtest: serialization milestone is awaited before reading arrays, rejected writes never succeed
ok 5 - serialization milestone is awaited before reading arrays, rejected writes never succeed
  ---
  duration_ms: 6.8391
  type: 'test'
  ...
# Subtest: tiny journal survives restart; unavailable/corrupt storage fails open; modes isolated
ok 6 - tiny journal survives restart; unavailable/corrupt storage fails open; modes isolated
  ---
  duration_ms: 15.5366
  type: 'test'
  ...
# Subtest: progress ACK ordering, wrong ACK, timeout and failed send do not hang
ok 7 - progress ACK ordering, wrong ACK, timeout and failed send do not hang
  ---
  duration_ms: 37.8243
  type: 'test'
  ...
# Subtest: chromium: actual worker diagnostic ordering, interrupted save breadcrumb, restore and unavailable journal
ok 8 - chromium: actual worker diagnostic ordering, interrupted save breadcrumb, restore and unavailable journal
  ---
  duration_ms: 2464.4501
  type: 'test'
  ...
# Subtest: webkit: actual worker diagnostic ordering, interrupted save breadcrumb, restore and unavailable journal
ok 9 - webkit: actual worker diagnostic ordering, interrupted save breadcrumb, restore and unavailable journal
  ---
  duration_ms: 4699.2925
  type: 'test'
  ...
1..9
# tests 9
# suites 0
# pass 9
# fail 0
# cancelled 0
# skipped 0
# todo 0
# duration_ms 13668.9716

